=====================
Matrix_multiplication
=====================
This code snippet print out argument for matrix as output
Module: ``def matrix_mul(m_a, m_b):``.

Usage
=====

>>> matrix_mul = __import__('100-matrix_mul').matrix_mul
>>> m_a = [
...	[1, 2],
...	[3, 4]]
>>> m_b = m_a
>>> print(matrix_mul(m_a, m_b))
[[7, 10],[15, 22]]

::
It accept float as argument in a list.

>>> m_a = [
...	[1.2, 2.5],
...	[3.1, 4.3]]
>>> m_b = m_a
>>> print(matrix_mul(m_a, m_b))
[[9.19, 13.75], [17.05, 26.24]]


::
Combo of both integer and float used as argument.

>>> m_a = [
...	[1.3, 2.8],
...	[3.8, 4.6]]
>>> m_b = [
...	[2, 4],
...	[6, 8]]
>>> print(matrix_mul(m_a, m_b))

::
>>> m_a = [
...	[1, 2]]
>>> m_b = [
...	[3, 4],
...	[5, 6]]
>>> print(matrix_mul(m_a, m_b))
[[13, 16]]

::
>>> m_a = [
...	[2, 3],
...	[4, 5]]
>>> m_b = [
...	[2, 1]]
print(matrix_mul(m_a, m_b))
[[4, 2], [8, 4]]

List
====

A minimum of two arguments must be provided. Otherwise, a TypeError is raised.

::

    >>> print(matrix_mul()) # doctest: +NORMALIZE_WHITESPACE
    Traceback (most recent call last):
    TypeError: matrix_mul() missing 2 required positional arguments: 
    'm_a' and 'm_b'

::

    >>> print(matrix_mul()) # doctest: +NORMALIZE_WHITESPACE
    Traceback (most recent call last):
    TypeError: matrix_mul() missing 2 required positional arguments: 
    'm_a' and 'm_b'

ValueErrors
===========

If two matrices cannot be multiplied (ie. the row count of ``m_a`` is not
equal to the column count in ``m_b``), a ValueError is raised.

::

    >>> m_a = [
    ... [1, 2],
    ... [3, 4],
    ... ]
    >>> m_b = [
    ... [1, 2],
    ... [2, 3],
    ... [4, 5]
    ... ]
    >>> print(matrix_mul(m_a, m_b))
    Traceback (most recent call last):
    ValueError: m_a and m_b can't be multiplied


The parameters ``m_a`` and ``m_b`` cannot be empty. Otherwise, a ValueError
is raised.

::

    >>> print(matrix_mul([], [[1, 2]]))
    Traceback (most recent call last):
    ValueError: m_a can't be empty

::

    >>> print(matrix_mul([[1, 2]], [[]]))
    Traceback (most recent call last):
    ValueError: m_b can't be empty

::

    >>> print(matrix_mul([[]], []))
    Traceback (most recent call last):
    ValueError: m_a can't be empty

Invalid Matrices
================

The parameters ``m_a`` and ``m_b`` must be lists. If either parameter is
not a list, a TypeError is raised.

::

    >>> print(matrix_mul("not a list", [[1, 2]]))
    Traceback (most recent call last):
    TypeError: m_a must be a list

::

    >>> print(matrix_mul([[1, 2]], "also not a list"))
    Traceback (most recent call last):
    TypeError: m_b must be a list

::

    >>> print(matrix_mul("not a list", "also not a list"))
    Traceback (most recent call last):
    TypeError: m_a must be a list

::

    >>> print(matrix_mul(None, None))
    Traceback (most recent call last):
    TypeError: m_a must be a list

Not just any list - they *must* be lists of lists!

::

    >>> print(matrix_mul([1, 2], [[3, 4]]))
    Traceback (most recent call last):
    TypeError: m_a must be a list of lists

::

    >>> print(matrix_mul([[1, 2]], [3, 4]))
    Traceback (most recent call last):
    TypeError: m_b must be a list of lists

::

    >>> print(matrix_mul([1, 2], [3, 4]))
    Traceback (most recent call last):
    TypeError: m_a must be a list of lists

And not just any list of lists - they *must* be lists of lists containing
integers or floats!

::

    >>> print(matrix_mul([[1, "non-number"]], [[3, 4]]))
    Traceback (most recent call last):
    TypeError: m_a should contain only integers or floats

::

    >>> print(matrix_mul([[1, 2]], [[{"a": 1}, 8.8]]))
    Traceback (most recent call last):
    TypeError: m_b should contain only integers or floats

::

    >>> print(matrix_mul([[1, "non-number"]], [[{"a": 1}, 8.8]]))
    Traceback (most recent call last):
    TypeError: m_a should contain only integers or floats

Finally, the length of all rows in matrices ``m_a`` and ``m_b`` should be
equivalent. Otherwise, a TypeError is raised.

::

    >>> m_a = [
    ... [1, 2],
    ... [3, 4, 5]
    ... ]
    >>> m_b = [
    ... [1, 2],
    ... [3, 4]
    ... ]
    >>> print(matrix_mul(m_a, m_b))
    Traceback (most recent call last):
    TypeError: each row of m_a must should be of the same size

::

    >>> m_a = [
    ... [1, 2],
    ... [3, 4]
    ... ]
    >>> m_b = [
    ... [1, 2],
    ... [3, 4, 5]
    ... ]
    >>> print(matrix_mul(m_a, m_b))
    Traceback (most recent call last):
    TypeError: each row of m_b must should be of the same size

::

    >>> m_a = [
    ... [1, 2],
    ... [3, 4, 5]
    ... ]
    >>> m_b = m_a
    >>> print(matrix_mul(m_a, m_b))
    Traceback (most recent call last):
    TypeError: each row of m_a must should be of the same size


